// Jest Snapshot v1, https://goo.gl/fbAQLP

exports[`<RadioOption /> renders correctly 1`] = `
ShallowWrapper {
  "length": 1,
  Symbol(enzyme.__root__): [Circular],
  Symbol(enzyme.__unrendered__): <RadioOption
    checked={false}
    name="test"
    onChange={[Function]}
    value="test"
/>,
  Symbol(enzyme.__renderer__): Object {
    "batchedUpdates": [Function],
    "getNode": [Function],
    "render": [Function],
    "simulateEvent": [Function],
    "unmount": [Function],
  },
  Symbol(enzyme.__node__): Object {
    "instance": null,
    "key": undefined,
    "nodeType": "host",
    "props": Object {
      "children": <label
        className="option-label"
>
        <input
                defaultChecked={false}
                name="test"
                onChange={[Function]}
                type="radio"
                value="test"
        />
        <span
                className={null}
        >
                test
        </span>
</label>,
      "className": "option-div",
    },
    "ref": null,
    "rendered": Object {
      "instance": null,
      "key": undefined,
      "nodeType": "host",
      "props": Object {
        "children": Array [
          <input
            defaultChecked={false}
            name="test"
            onChange={[Function]}
            type="radio"
            value="test"
/>,
          <span
            className={null}
>
            test
</span>,
        ],
        "className": "option-label",
      },
      "ref": null,
      "rendered": Array [
        Object {
          "instance": null,
          "key": undefined,
          "nodeType": "host",
          "props": Object {
            "defaultChecked": false,
            "name": "test",
            "onChange": [Function],
            "type": "radio",
            "value": "test",
          },
          "ref": null,
          "rendered": null,
          "type": "input",
        },
        Object {
          "instance": null,
          "key": undefined,
          "nodeType": "host",
          "props": Object {
            "children": "test",
            "className": null,
          },
          "ref": null,
          "rendered": "test",
          "type": "span",
        },
      ],
      "type": "label",
    },
    "type": "div",
  },
  Symbol(enzyme.__nodes__): Array [
    Object {
      "instance": null,
      "key": undefined,
      "nodeType": "host",
      "props": Object {
        "children": <label
          className="option-label"
>
          <input
                    defaultChecked={false}
                    name="test"
                    onChange={[Function]}
                    type="radio"
                    value="test"
          />
          <span
                    className={null}
          >
                    test
          </span>
</label>,
        "className": "option-div",
      },
      "ref": null,
      "rendered": Object {
        "instance": null,
        "key": undefined,
        "nodeType": "host",
        "props": Object {
          "children": Array [
            <input
              defaultChecked={false}
              name="test"
              onChange={[Function]}
              type="radio"
              value="test"
/>,
            <span
              className={null}
>
              test
</span>,
          ],
          "className": "option-label",
        },
        "ref": null,
        "rendered": Array [
          Object {
            "instance": null,
            "key": undefined,
            "nodeType": "host",
            "props": Object {
              "defaultChecked": false,
              "name": "test",
              "onChange": [Function],
              "type": "radio",
              "value": "test",
            },
            "ref": null,
            "rendered": null,
            "type": "input",
          },
          Object {
            "instance": null,
            "key": undefined,
            "nodeType": "host",
            "props": Object {
              "children": "test",
              "className": null,
            },
            "ref": null,
            "rendered": "test",
            "type": "span",
          },
        ],
        "type": "label",
      },
      "type": "div",
    },
  ],
  Symbol(enzyme.__options__): Object {
    "adapter": ReactSixteenAdapter {
      "options": Object {
        "enableComponentDidUpdateOnSetState": true,
      },
    },
  },
}
`;
